[papi.cash/index.html]
[backblue.gif]
[fade.gif]
[index.html]
[papi.cash/asset/css/webflow.fe0eb3982.min.css]
[papi.cash/ZealAnimator-v2.0.min.css]
[papi.cash/asset/js/about-us.js]
[fonts.googleapis.com/index.html]
[papi.cash/asset/image/Favicon.png]
[papi.cash/asset/image/Webclip.png]
[www.googletagmanager.com/gtag/js5e69]
[papi.cash/asset/js/jquery.min.js]
[papi.cash/asset/css/plyr.css]
[www.googletagmanager.com/ns0441.html]
[papi.cash/index-2.html]
[papi.cash/main.png]
[papi.cash/asset/image/Phone_sml.png]
[papi.cash/asset/image/logo/rounds.png]
[papi.cash/asset/image/Homepage shapes.png]
[papi.cash/asset/image/Phone Shadow.jpg]
[papi.cash/asset/image/hero.png]
[stake.papi.cash/index.html]
[papi.cash/asset/image/header/people.png]
[papi.cash/asset/image/header/people2.png]
[papi.cash/asset/image/header/sun.png]
[papi.cash/rocket.png]
[papi.cash/asset/image/header/Spaceship_cloud_01.png]
[papi.cash/asset/image/header/group.png]
[papi.cash/asset/image/svg/bubble.svg]
[papi.cash/asset/image/header/redstar.png]
[t.me/PapiCoinETH.html]
[papi.cash/asset/image/logo/logo.png]
[papi.cash/asset/image/svg/whiteburger.svg]
[papi.cash/asset/image/svg/blueburger.svg]
[papi.cash/asset/js/jquery-3.5.1.min.js]
[uploads-ssl.webflow.com/622667ce4130814b6ddb0d75/js/webflow.aab9ef7fd.js]
[unpkg.com/split-type@0.3.4/umd/index.min.js]
[papi.cash/asset/js/gsap.min.js]
[papi.cash/asset/js/ScrollTrigger.min.js]
[papi.cash/index.html]
[cdn.plyr.io/3.6.3/plyr.js]
[uploads-ssl.webflow.com/622667ce4130814b6ddb0d75/622667ce41308126f3db0d85_video_cover.png]
[papi.cash/asset/css/webflow.fe0eb3982.min.css]
[papi.cash/ZealAnimator-v2.0.min.css]
[fonts.googleapis.com/index.html]
[fonts.gstatic.com/index.html]
[www.facebook.com/tra31d]
[www.facebook.com/tr31cc]
[www.googletagmanager.com/gtm5445.html]
[papi.cash/asset/css/plyr.css]
[www.googletagmanager.com/ns0441.html]
[papi.cash/index-2.html]
[stake.papi.cash/asset/css/webflow.fe0eb3982.min.css]
[stake.papi.cash/ZealAnimator-v2.0.min.css]
[stake.papi.cash/asset/js/about-us.js]
[stake.papi.cash/asset/image/Favicon.png]
[stake.papi.cash/asset/image/Webclip.png]
[stake.papi.cash/asset/js/jquery.min.js]
[stake.papi.cash/asset/css/plyr.css]
[stake.papi.cash/index-2.html]
[stake.papi.cash/main.png]
[stake.papi.cash/asset/image/Phone_sml.png]
[stake.papi.cash/asset/image/logo/rounds.png]
[stake.papi.cash/asset/image/Homepage shapes.png]
[stake.papi.cash/asset/image/Phone Shadow.jpg]
[stake.papi.cash/asset/image/hero.png]
[stake.papi.cash/asset/image/header/people.png]
[stake.papi.cash/asset/image/header/people2.png]
[stake.papi.cash/asset/image/header/sun.png]
[stake.papi.cash/rocket.png]
[stake.papi.cash/asset/image/header/Spaceship_cloud_01.png]
[stake.papi.cash/asset/image/header/group.png]
[stake.papi.cash/asset/image/svg/bubble.svg]
[stake.papi.cash/asset/image/header/redstar.png]
[stake.papi.cash/asset/image/logo/logo.png]
[stake.papi.cash/asset/image/svg/whiteburger.svg]
[stake.papi.cash/asset/image/svg/blueburger.svg]
[stake.papi.cash/asset/js/jquery-3.5.1.min.js]
[stake.papi.cash/asset/js/gsap.min.js]
[stake.papi.cash/index.html]
[papi.cash/asset/image/svg/bubble.svg]
[stake.papi.cash/asset/js/ScrollTrigger.min.js]
[telegram.org/img/website_icona87f.svg]
[telegram.org/img/apple-touch-icon.47.delayed]
[telegram.org/img/favicon-32x32.png]
[telegram.org/img/favicon-16x16.png]
[telegram.org/img/favicon.ico]
[telegram.org/css/font-robotoc4ca.css]
[telegram.org/css/bootstrap.mineccb.css]
[telegram.org/css/telegrame4a6.css]
[telegram.org/dle08b]
[telegram.org/index.html]
[web.telegram.org/index.html]
[telegram.org/dl.4f.delayed]
[desktop.telegram.org/index.html]
[cdn4.cdn-telegram.org/file/Htk8qCzIi7hAqVN7NmzOuWO1hKunINzlWv_IXa-qxaNfnTYF9jmBDAbkYQsQfHDO3HseI5MT4QCRt5aUHis94x2WWOYxttrZrLHulsLJfKeAuGCYPUVyq9EVqUvqen7pgCk_nVQimfjdL9TOku8V274r9VTyQnXXhxWlVJSKqJmfgkOTYvPJG9t9jJS92ExOhELb]
[t.me/s/PapiCoinETH.html]
[t.me/PapiCoinETH.html]
[papi.cash/asset/image/svg/whiteburger.svg]
[papi.cash/asset/image/svg/blueburger.svg]
[stake.papi.cash/asset/css/webflow.fe0eb3982.min.css]
[stake.papi.cash/ZealAnimator-v2.0.min.css]
[stake.papi.cash/asset/css/plyr.css]
[stake.papi.cash/index-2.html]
[stake.papi.cash/asset/image/svg/bubble.svg]
[stake.papi.cash/asset/image/svg/whiteburger.svg]
[stake.papi.cash/asset/image/svg/blueburger.svg]
[telegram.org/js/tgwallpaper.mineccb.js]
[web.telegram.org/css/app.css]
[web.telegram.org/manifest.webapp.json]
[web.telegram.org/favicon.ico]
[web.telegram.org/img/iphone_home120.png]
[web.telegram.org/img/iphone_startup.png]
[web.telegram.org/index.html]
[telegram.org/img/website_icona87f.svg]
[telegram.org/css/font-robotoc4ca.css]
[telegram.org/css/bootstrap.mineccb.css]
[telegram.org/img/dropdown_1x.png]
[telegram.org/img/bulleteccb.png]
[telegram.org/img/link-icon.png]
[telegram.org/img/breadcrumb_divider_1x.png]
[telegram.org/img/back_to_top_1x.png]
[telegram.org/img/SiteAward.gif]
[telegram.org/img/SiteTDesktop.jpg]
[telegram.org/img/SiteiOSc81e.jpg]
[telegram.org/img/SiteAndroidc81e.jpg]
[telegram.org/img/tl_arrow.png]
[telegram.org/img/SiteDesktopc81e.jpg]
[telegram.org/img/twitter.png]
[telegram.org/img/tl_card_fast.gif]
[telegram.org/img/tl_card_powerful.gif]
[telegram.org/img/tl_card_free.gif]
[telegram.org/img/tl_card_secure.gif]
[telegram.org/img/tl_card_cloud.gif]
[telegram.org/img/tl_card_private.gif]
[telegram.org/img/tl_card_decentralized.gif]
[telegram.org/img/tl_card_open.gif]
[telegram.org/img/tl_card_wecandoit.gif]
[telegram.org/img/tl_card_connect.gif]
[web.telegram.org/js/app.js]
[telegram.org/img/tl_card_coordinate.gif]
[telegram.org/img/tl_card_synchronize.gif]
[telegram.org/img/tl_card_build.gif]
[telegram.org/img/tl_card_encrypt.gif]
[telegram.org/img/tl_card_send.gif]
[telegram.org/img/tl_card_process.gif]
[telegram.org/img/tl_card_destruct.gif]
[telegram.org/img/tl_card_store.gif]
[telegram.org/img/team-sprite.png]
[telegram.org/img/rc_iconsc4ca.png]
[telegram.org/img/iPhone6.png]
[telegram.org/img/tgme/Arrow_1x.png]
[telegram.org/img/blog/BlogLogo1xc4ca.png]
[telegram.org/img/td_laptop.png]
[telegram.org/img/td_icons.png]
[osx.telegram.org/updates/site/artboard.png]
[telegram.org/img/tdirectc4ca.jpg]
[telegram.org/img/dropdown.png]
[telegram.org/img/twitter_2x.png]
[telegram.org/img/breadcrumb_divider.png]
[telegram.org/img/back_to_top.png]
[telegram.org/img/SiteAward_2x.gif]
[telegram.org/img/tl_arrow_2x.png]
[telegram.org/img/SiteDesktop_2xc81e.jpg]
[telegram.org/img/SiteAndroid_2xc81e.jpg]
[telegram.org/img/SiteiOS_2xc81e.jpg]
[telegram.org/img/SiteTDesktop_2xc4ca.jpg]
[telegram.org/img/bullet_2xeccb.png]
[telegram.org/img/tgme/Arrow_2x.png]
[telegram.org/img/tgme/web_icon_2x.png]
[telegram.org/img/tgme/embed_copy_2x.png]
[telegram.org/img/blog/BlogLogo2xc4ca.png]
[telegram.org/img/rc_icons_2xc4ca.png]
[osx.telegram.org/updates/site/artboard_2x.png]
[telegram.org/img/tdirect_2xc4ca.jpg]
[telegram.org/img/blog/BlogLogo3x.png]
[telegram.org/css/telegrame4a6.css]
[telegram.org/index.html]
[desktop.telegram.org/index.html]
[t.me/s/PapiCoinETH678c.html]
[telegram.org/css/telegram-weba5bf.css]
[telegram.org/css/widget-framea3f3.css]
[telegram.org/img/emoji/40/F09F92B0.97.delayed]
[cdn4.cdn-telegram.org/file/szyAqkZVSo6m2Z-suVic_RwnVYw0wM7WHmgs1qneqvGXYNxH77hNYmb4cG_swJ3IBaENzU3PUq0s7ns0UjyQTNHn7lhrtHHU1ChiKfpFxI59787ir-9pYAOsx19_XgBRTz96LkWxyjeRYY02ueFy2rMv7nUlVYpx1ebgYRTUv4fhjQcwelDcSYBbIpRvhcHu0jtE]
[t.me/PapiCoinETH/1.html]
[t.me/PapiCoinETH/4.html]
[t.me/SafeguardRobot.html]
[telegram.org/js/jquery.min.js]
[cdn1.cdn-telegram.org/file/uJQCop8tqr55ojizWAGEJuL6AljTaiYIcL0KFm0aeLlI84wJdqwsUuCDonmDSXt7kNK14SujmSPNM3pDuIF-p20uD3fbgu3dClZb5ou7Ni8MuOz77H93Sf7k1HnJPM7BIvgYHaxs9UWhWu4imWTvMgJy81aU_vcmB354p7dyt_z0EFpRt8Si_vQfPIKD0WO6RcAb]
[telegram.org/js/jquery-ui.min.js]
[telegram.org/js/tgstickerc16a.js]
[telegram.org/js/widget-frame44f6.js]
[t.me/s/PapiCoinETH.html]
[m.mexc.com/trade/spot-kline]
[twitter.com/PapiCoinEth_]
[telegram.org/js/telegram-webaab3.js]
[web.telegram.org/img/icons/IconsetW.png]
[web.telegram.org/img/icons/IconsetW_2x.png]
[web.telegram.org/img/icons/General.png]
[web.telegram.org/img/icons/General_2x.png]
[web.telegram.org/img/Telegram.svg]
[web.telegram.org/img/icons/ProfileIcons.png]
[web.telegram.org/img/icons/ProfileIcons_2x.png]
[web.telegram.org/img/icons/IconsetSmiles.png]
[web.telegram.org/img/icons/IconsetSmiles_2x.png]
[web.telegram.org/img/emojisprite_0.png]
[web.telegram.org/img/emojisprite_1.png]
[web.telegram.org/img/emojisprite_2.png]
[web.telegram.org/img/emojisprite_3.png]
[web.telegram.org/img/emojisprite_4.png]
[web.telegram.org/img/icons/AboutLogos.png]
[web.telegram.org/img/icons/AboutLogos_2x.png]
[web.telegram.org/img/Telegram72.png]
[web.telegram.org/img/Telegram72_2x.png]
[web.telegram.org/img/changelog/card_wecandoit.png]
[web.telegram.org/img/Manytabs.png]
[web.telegram.org/img/Manytabs_2x.png]
[web.telegram.org/css/app.css]
[t.me/s/PapiCoinETH678c.html]
[telegram.org/img/WidgetButton_LogoSmall.png]
[telegram.org/img/WidgetButton_LogoLarge.png]
[telegram.org/img/WidgetButton_LogoSmall_2x.png]
[telegram.org/img/WidgetButton_LogoLarge_2x.png]
[telegram.org/css/widget-framea3f3.css]
[telegram.org/css/telegram-weba5bf.css]
[t.me/s/PapiCoinETH/1.html]
[t.me/PapiCoinETH/1.html]
[telegram.org/js/telegram-widgetb6d7.js]
[t.me/s/PapiCoinETH/4.html]
[t.me/PapiCoinETH/4.html]
[t.me/Trending.html]
[cdn1.cdn-telegram.org/file/DpedF90z22YEagFMYqpta8PjD16-ufEaiAJoGq1j4wD7lFon_UqfptKVphsgygox__tXDiXX8nMt7zkvO0C1qN3Yow_VVCvCZ8Bo-PZRICV3Q-g6olJhZ1Pe52Oc7BvcpWbTqv3KzhAgtoRdkOPRfLiwk_STnUvxiG5HA5DdBI1sjeoA7OOeytSU2qEXa36Dalkh]
[t.me/Safeguard_Ann.html]
[t.me/SafeguardRobot.html]
[web.telegram.org/img/Telegram.svg]
[web.telegram.org/img/changelog/search.html]
[t.me/s/PapiCoinETH/1.html]
[t.me/s/PapiCoinETH/4.html]
[t.me/Trending.html]
[t.me/Safeguard_Ann.html]
